  main.cpp
  BlackHole.cpp
  Bullet.cpp
  Chaser.cpp
  SkillComponent.cpp
  StatusComponent.cpp
  TurretSkillComp.cpp
  GlobalCollision.cpp
  StatusInterface.cpp
  MainUI.cpp
  MainWorld.cpp
  Monster.cpp
  OneWayWall.cpp
  Player.cpp
  ReflectBullet.cpp
  Shield.cpp
  SlowArea.cpp
  Turret.cpp
  Wall.cpp
  코드를 생성하고 있습니다...
DirectXTex_Debug.lib(DirectXTexUtil.obj) : warning LNK4099: 'DirectXTex_Debug.pdb' PDB를 'DirectXTex_Debug.lib(DirectXTexUtil.obj)' 또는 'C:\Users\assort_c5\Desktop\dx\Binary\DirectXTex_Debug.pdb'에서 찾을 수 없습니다. 디버그 정보가 없는 것처럼 개체를 링크합니다.
DirectXTex_Debug.lib(DirectXTexImage.obj) : warning LNK4099: 'DirectXTex_Debug.pdb' PDB를 'DirectXTex_Debug.lib(DirectXTexImage.obj)' 또는 'C:\Users\assort_c5\Desktop\dx\Binary\DirectXTex_Debug.pdb'에서 찾을 수 없습니다. 디버그 정보가 없는 것처럼 개체를 링크합니다.
DirectXTex_Debug.lib(DirectXTexDDS.obj) : warning LNK4099: 'DirectXTex_Debug.pdb' PDB를 'DirectXTex_Debug.lib(DirectXTexDDS.obj)' 또는 'C:\Users\assort_c5\Desktop\dx\Binary\DirectXTex_Debug.pdb'에서 찾을 수 없습니다. 디버그 정보가 없는 것처럼 개체를 링크합니다.
DirectXTex_Debug.lib(DirectXTexTGA.obj) : warning LNK4099: 'DirectXTex_Debug.pdb' PDB를 'DirectXTex_Debug.lib(DirectXTexTGA.obj)' 또는 'C:\Users\assort_c5\Desktop\dx\Binary\DirectXTex_Debug.pdb'에서 찾을 수 없습니다. 디버그 정보가 없는 것처럼 개체를 링크합니다.
DirectXTex_Debug.lib(DirectXTexWIC.obj) : warning LNK4099: 'DirectXTex_Debug.pdb' PDB를 'DirectXTex_Debug.lib(DirectXTexWIC.obj)' 또는 'C:\Users\assort_c5\Desktop\dx\Binary\DirectXTex_Debug.pdb'에서 찾을 수 없습니다. 디버그 정보가 없는 것처럼 개체를 링크합니다.
DirectXTex_Debug.lib(DirectXTexConvert.obj) : warning LNK4099: 'DirectXTex_Debug.pdb' PDB를 'DirectXTex_Debug.lib(DirectXTexConvert.obj)' 또는 'C:\Users\assort_c5\Desktop\dx\Binary\DirectXTex_Debug.pdb'에서 찾을 수 없습니다. 디버그 정보가 없는 것처럼 개체를 링크합니다.
DirectXTex_Debug.lib(DirectXTexD3D11.obj) : warning LNK4099: 'DirectXTex_Debug.pdb' PDB를 'DirectXTex_Debug.lib(DirectXTexD3D11.obj)' 또는 'C:\Users\assort_c5\Desktop\dx\Binary\DirectXTex_Debug.pdb'에서 찾을 수 없습니다. 디버그 정보가 없는 것처럼 개체를 링크합니다.
DirectXTex_Debug.lib(DirectXTexMipMaps.obj) : warning LNK4099: 'DirectXTex_Debug.pdb' PDB를 'DirectXTex_Debug.lib(DirectXTexMipMaps.obj)' 또는 'C:\Users\assort_c5\Desktop\dx\Binary\DirectXTex_Debug.pdb'에서 찾을 수 없습니다. 디버그 정보가 없는 것처럼 개체를 링크합니다.
DirectXTex_Debug.lib(DirectXTexCompress.obj) : warning LNK4099: 'DirectXTex_Debug.pdb' PDB를 'DirectXTex_Debug.lib(DirectXTexCompress.obj)' 또는 'C:\Users\assort_c5\Desktop\dx\Binary\DirectXTex_Debug.pdb'에서 찾을 수 없습니다. 디버그 정보가 없는 것처럼 개체를 링크합니다.
DirectXTex_Debug.lib(BC.obj) : warning LNK4099: 'DirectXTex_Debug.pdb' PDB를 'DirectXTex_Debug.lib(BC.obj)' 또는 'C:\Users\assort_c5\Desktop\dx\Binary\DirectXTex_Debug.pdb'에서 찾을 수 없습니다. 디버그 정보가 없는 것처럼 개체를 링크합니다.
DirectXTex_Debug.lib(BC4BC5.obj) : warning LNK4099: 'DirectXTex_Debug.pdb' PDB를 'DirectXTex_Debug.lib(BC4BC5.obj)' 또는 'C:\Users\assort_c5\Desktop\dx\Binary\DirectXTex_Debug.pdb'에서 찾을 수 없습니다. 디버그 정보가 없는 것처럼 개체를 링크합니다.
DirectXTex_Debug.lib(BC6HBC7.obj) : warning LNK4099: 'DirectXTex_Debug.pdb' PDB를 'DirectXTex_Debug.lib(BC6HBC7.obj)' 또는 'C:\Users\assort_c5\Desktop\dx\Binary\DirectXTex_Debug.pdb'에서 찾을 수 없습니다. 디버그 정보가 없는 것처럼 개체를 링크합니다.
  Client.vcxproj -> C:\Users\assort_c5\Desktop\dx\Binary\Client_Debug.exe
