c:\users\assort_c5\desktop\dx_project\obj\client\vc143.pdb
c:\users\assort_c5\desktop\dx_project\obj\client\vc143.idb
c:\users\assort_c5\desktop\dx_project\obj\client\mainui.obj
c:\users\assort_c5\desktop\dx_project\obj\client\statusinterface.obj
c:\users\assort_c5\desktop\dx_project\obj\client\globalcollision.obj
c:\users\assort_c5\desktop\dx_project\obj\client\editorworld.obj
c:\users\assort_c5\desktop\dx_project\obj\client\materialeditorui.obj
c:\users\assort_c5\desktop\dx_project\obj\client\spriteviewerui.obj
c:\users\assort_c5\desktop\dx_project\obj\client\animeditorui.obj
c:\users\assort_c5\desktop\dx_project\obj\client\inspectorui.obj
c:\users\assort_c5\desktop\dx_project\obj\client\editorwidget.obj
c:\users\assort_c5\desktop\dx_project\obj\client\prefabmanager.obj
c:\users\assort_c5\desktop\dx_project\obj\client\editormenubar.obj
c:\users\assort_c5\desktop\dx_project\obj\client\contentui.obj
c:\users\assort_c5\desktop\dx_project\obj\client\editorplayer.obj
c:\users\assort_c5\desktop\dx_project\obj\client\turretskillcomp.obj
c:\users\assort_c5\desktop\dx_project\obj\client\statuscomponent.obj
c:\users\assort_c5\desktop\dx_project\obj\client\skillcomponent.obj
c:\users\assort_c5\desktop\dx_project\obj\client\chaser.obj
c:\users\assort_c5\desktop\dx_project\obj\client\bullet.obj
c:\users\assort_c5\desktop\dx_project\obj\client\blackhole.obj
c:\users\assort_c5\desktop\dx_project\obj\client\main.obj
c:\users\assort_c5\desktop\dx_project\obj\client\wall.obj
c:\users\assort_c5\desktop\dx_project\obj\client\turret.obj
c:\users\assort_c5\desktop\dx_project\obj\client\startworld.obj
c:\users\assort_c5\desktop\dx_project\obj\client\startwidget.obj
c:\users\assort_c5\desktop\dx_project\obj\client\startplayer.obj
c:\users\assort_c5\desktop\dx_project\obj\client\slowarea.obj
c:\users\assort_c5\desktop\dx_project\obj\client\shield.obj
c:\users\assort_c5\desktop\dx_project\obj\client\reflectbullet.obj
c:\users\assort_c5\desktop\dx_project\obj\client\player.obj
c:\users\assort_c5\desktop\dx_project\obj\client\onewaywall.obj
c:\users\assort_c5\desktop\dx_project\obj\client\monstermovestate.obj
c:\users\assort_c5\desktop\dx_project\obj\client\monsterattackstate.obj
c:\users\assort_c5\desktop\dx_project\obj\client\monster.obj
c:\users\assort_c5\desktop\dx_project\obj\client\mainworld.obj
c:\users\assort_c5\desktop\dx_project\binary\client_debug.exe
c:\users\assort_c5\desktop\dx_project\binary\client_debug.pdb
c:\users\assort_c5\desktop\dx_project\obj\client\client.res
c:\users\assort_c5\desktop\dx_project\obj\client\client_debug.ilk
c:\users\assort_c5\desktop\dx_project\obj\client\client.tlog\cl.command.1.tlog
c:\users\assort_c5\desktop\dx_project\obj\client\client.tlog\cl.items.tlog
c:\users\assort_c5\desktop\dx_project\obj\client\client.tlog\cl.read.1.tlog
c:\users\assort_c5\desktop\dx_project\obj\client\client.tlog\cl.write.1.tlog
c:\users\assort_c5\desktop\dx_project\obj\client\client.tlog\link.command.1.tlog
c:\users\assort_c5\desktop\dx_project\obj\client\client.tlog\link.read.1.tlog
c:\users\assort_c5\desktop\dx_project\obj\client\client.tlog\link.secondary.1.tlog
c:\users\assort_c5\desktop\dx_project\obj\client\client.tlog\link.write.1.tlog
c:\users\assort_c5\desktop\dx_project\obj\client\client.tlog\rc.command.1.tlog
c:\users\assort_c5\desktop\dx_project\obj\client\client.tlog\rc.read.1.tlog
c:\users\assort_c5\desktop\dx_project\obj\client\client.tlog\rc.write.1.tlog
