c:\users\admin\desktop\don't starve_dx11\don-t-starve_dx11\dx_project\engine\binary\gameengine.pdb
c:\users\admin\desktop\don't starve_dx11\don-t-starve_dx11\dx_project\obj\engine\materialmanager.obj
c:\users\admin\desktop\don't starve_dx11\don-t-starve_dx11\dx_project\obj\engine\material.obj
c:\users\admin\desktop\don't starve_dx11\don-t-starve_dx11\dx_project\obj\engine\graphicshader.obj
c:\users\admin\desktop\don't starve_dx11\don-t-starve_dx11\dx_project\obj\engine\fontmanager.obj
c:\users\admin\desktop\don't starve_dx11\don-t-starve_dx11\dx_project\obj\engine\fontcollection.obj
c:\users\admin\desktop\don't starve_dx11\don-t-starve_dx11\dx_project\obj\engine\font.obj
c:\users\admin\desktop\don't starve_dx11\don-t-starve_dx11\dx_project\obj\engine\cbufferuidefault.obj
c:\users\admin\desktop\don't starve_dx11\don-t-starve_dx11\dx_project\obj\engine\cbuffertransform.obj
c:\users\admin\desktop\don't starve_dx11\don-t-starve_dx11\dx_project\obj\engine\cbuffertilemap.obj
c:\users\admin\desktop\don't starve_dx11\don-t-starve_dx11\dx_project\obj\engine\cbufferpalette.obj
c:\users\admin\desktop\don't starve_dx11\don-t-starve_dx11\dx_project\obj\engine\cbuffermaterial.obj
c:\users\admin\desktop\don't starve_dx11\don-t-starve_dx11\dx_project\obj\engine\cbufferdata.obj
c:\users\admin\desktop\don't starve_dx11\don-t-starve_dx11\dx_project\obj\engine\cbuffercollider.obj
c:\users\admin\desktop\don't starve_dx11\don-t-starve_dx11\dx_project\obj\engine\cbufferanimation2d.obj
c:\users\admin\desktop\don't starve_dx11\don-t-starve_dx11\dx_project\obj\engine\cbuffer.obj
c:\users\admin\desktop\don't starve_dx11\don-t-starve_dx11\dx_project\obj\engine\assetsubmanager.obj
c:\users\admin\desktop\don't starve_dx11\don-t-starve_dx11\dx_project\obj\engine\assetmanager.obj
c:\users\admin\desktop\don't starve_dx11\don-t-starve_dx11\dx_project\obj\engine\asset.obj
c:\users\admin\desktop\don't starve_dx11\don-t-starve_dx11\dx_project\obj\engine\animationmanager.obj
c:\users\admin\desktop\don't starve_dx11\don-t-starve_dx11\dx_project\obj\engine\animation2d.obj
c:\users\admin\desktop\don't starve_dx11\don-t-starve_dx11\dx_project\obj\engine\device.obj
c:\users\admin\desktop\don't starve_dx11\don-t-starve_dx11\dx_project\obj\engine\depthstencilstate.obj
c:\users\admin\desktop\don't starve_dx11\don-t-starve_dx11\dx_project\obj\engine\csvreader.obj
c:\users\admin\desktop\don't starve_dx11\don-t-starve_dx11\dx_project\obj\engine\blendstate.obj
c:\users\admin\desktop\don't starve_dx11\don-t-starve_dx11\dx_project\obj\engine\texturemanager.obj
c:\users\admin\desktop\don't starve_dx11\don-t-starve_dx11\dx_project\obj\engine\texture.obj
c:\users\admin\desktop\don't starve_dx11\don-t-starve_dx11\dx_project\obj\engine\soundmanager.obj
c:\users\admin\desktop\don't starve_dx11\don-t-starve_dx11\dx_project\obj\engine\sound.obj
c:\users\admin\desktop\don't starve_dx11\don-t-starve_dx11\dx_project\obj\engine\shaderuidefault.obj
c:\users\admin\desktop\don't starve_dx11\don-t-starve_dx11\dx_project\obj\engine\shadertilemap.obj
c:\users\admin\desktop\don't starve_dx11\don-t-starve_dx11\dx_project\obj\engine\shadertexture.obj
c:\users\admin\desktop\don't starve_dx11\don-t-starve_dx11\dx_project\obj\engine\shadermaterial.obj
c:\users\admin\desktop\don't starve_dx11\don-t-starve_dx11\dx_project\obj\engine\shadermanager.obj
c:\users\admin\desktop\don't starve_dx11\don-t-starve_dx11\dx_project\obj\engine\shaderframe.obj
c:\users\admin\desktop\don't starve_dx11\don-t-starve_dx11\dx_project\obj\engine\shadercolor2d.obj
c:\users\admin\desktop\don't starve_dx11\don-t-starve_dx11\dx_project\obj\engine\shaderanimation2d.obj
c:\users\admin\desktop\don't starve_dx11\don-t-starve_dx11\dx_project\obj\engine\shader.obj
c:\users\admin\desktop\don't starve_dx11\don-t-starve_dx11\dx_project\obj\engine\pathmanager.obj
c:\users\admin\desktop\don't starve_dx11\don-t-starve_dx11\dx_project\obj\engine\meshmanager.obj
c:\users\admin\desktop\don't starve_dx11\don-t-starve_dx11\dx_project\obj\engine\mesh.obj
c:\users\admin\desktop\don't starve_dx11\don-t-starve_dx11\dx_project\obj\engine\cameracomponent.obj
c:\users\admin\desktop\don't starve_dx11\don-t-starve_dx11\dx_project\obj\engine\button.obj
c:\users\admin\desktop\don't starve_dx11\don-t-starve_dx11\dx_project\obj\engine\blackboard.obj
c:\users\admin\desktop\don't starve_dx11\don-t-starve_dx11\dx_project\obj\engine\animation2dsequence.obj
c:\users\admin\desktop\don't starve_dx11\don-t-starve_dx11\dx_project\obj\engine\animation2dcomponent.obj
c:\users\admin\desktop\don't starve_dx11\don-t-starve_dx11\dx_project\obj\engine\aistate.obj
c:\users\admin\desktop\don't starve_dx11\don-t-starve_dx11\dx_project\obj\engine\aicomponent.obj
c:\users\admin\desktop\don't starve_dx11\don-t-starve_dx11\dx_project\obj\engine\actorcomponent.obj
c:\users\admin\desktop\don't starve_dx11\don-t-starve_dx11\dx_project\obj\engine\actor.obj
c:\users\admin\desktop\don't starve_dx11\don-t-starve_dx11\dx_project\obj\engine\timemanager.obj
c:\users\admin\desktop\don't starve_dx11\don-t-starve_dx11\dx_project\obj\engine\renderstate.obj
c:\users\admin\desktop\don't starve_dx11\don-t-starve_dx11\dx_project\obj\engine\rendermanager.obj
c:\users\admin\desktop\don't starve_dx11\don-t-starve_dx11\dx_project\obj\engine\object.obj
c:\users\admin\desktop\don't starve_dx11\don-t-starve_dx11\dx_project\obj\engine\vector4.obj
c:\users\admin\desktop\don't starve_dx11\don-t-starve_dx11\dx_project\obj\engine\vector3.obj
c:\users\admin\desktop\don't starve_dx11\don-t-starve_dx11\dx_project\obj\engine\vector2.obj
c:\users\admin\desktop\don't starve_dx11\don-t-starve_dx11\dx_project\obj\engine\matrix.obj
c:\users\admin\desktop\don't starve_dx11\don-t-starve_dx11\dx_project\obj\engine\logmanager.obj
c:\users\admin\desktop\don't starve_dx11\don-t-starve_dx11\dx_project\obj\engine\logger.obj
c:\users\admin\desktop\don't starve_dx11\don-t-starve_dx11\dx_project\obj\engine\engine.obj
c:\users\admin\desktop\don't starve_dx11\don-t-starve_dx11\dx_project\obj\engine\soundcomponent.obj
c:\users\admin\desktop\don't starve_dx11\don-t-starve_dx11\dx_project\obj\engine\scenecomponent.obj
c:\users\admin\desktop\don't starve_dx11\don-t-starve_dx11\dx_project\obj\engine\projectilemovementcomponent.obj
c:\users\admin\desktop\don't starve_dx11\don-t-starve_dx11\dx_project\obj\engine\progressbar.obj
c:\users\admin\desktop\don't starve_dx11\don-t-starve_dx11\dx_project\obj\engine\numberwidget.obj
c:\users\admin\desktop\don't starve_dx11\don-t-starve_dx11\dx_project\obj\engine\movementcomponent.obj
c:\users\admin\desktop\don't starve_dx11\don-t-starve_dx11\dx_project\obj\engine\mousewidget.obj
c:\users\admin\desktop\don't starve_dx11\don-t-starve_dx11\dx_project\obj\engine\meshcomponent.obj
c:\users\admin\desktop\don't starve_dx11\don-t-starve_dx11\dx_project\obj\engine\input.obj
c:\users\admin\desktop\don't starve_dx11\don-t-starve_dx11\dx_project\obj\engine\image.obj
c:\users\admin\desktop\don't starve_dx11\don-t-starve_dx11\dx_project\obj\engine\component.obj
c:\users\admin\desktop\don't starve_dx11\don-t-starve_dx11\dx_project\obj\engine\collisionquadtreenode.obj
c:\users\admin\desktop\don't starve_dx11\don-t-starve_dx11\dx_project\obj\engine\collisionquadtree.obj
c:\users\admin\desktop\don't starve_dx11\don-t-starve_dx11\dx_project\obj\engine\collisioninfomanager.obj
c:\users\admin\desktop\don't starve_dx11\don-t-starve_dx11\dx_project\obj\engine\collision.obj
c:\users\admin\desktop\don't starve_dx11\don-t-starve_dx11\dx_project\obj\engine\collidersphere2d.obj
c:\users\admin\desktop\don't starve_dx11\don-t-starve_dx11\dx_project\obj\engine\colliderbox2d.obj
c:\users\admin\desktop\don't starve_dx11\don-t-starve_dx11\dx_project\obj\engine\collider.obj
c:\users\admin\desktop\don't starve_dx11\don-t-starve_dx11\dx_project\obj\engine\charactermovementcomponent.obj
c:\users\admin\desktop\don't starve_dx11\don-t-starve_dx11\dx_project\obj\engine\cameramanager.obj
c:\users\admin\desktop\don't starve_dx11\don-t-starve_dx11\dx_project\obj\engine\worldmanager.obj
c:\users\admin\desktop\don't starve_dx11\don-t-starve_dx11\dx_project\obj\engine\worldcollision.obj
c:\users\admin\desktop\don't starve_dx11\don-t-starve_dx11\dx_project\obj\engine\world.obj
c:\users\admin\desktop\don't starve_dx11\don-t-starve_dx11\dx_project\obj\engine\widgetcontainer.obj
c:\users\admin\desktop\don't starve_dx11\don-t-starve_dx11\dx_project\obj\engine\widgetcomponent.obj
c:\users\admin\desktop\don't starve_dx11\don-t-starve_dx11\dx_project\obj\engine\widget.obj
c:\users\admin\desktop\don't starve_dx11\don-t-starve_dx11\dx_project\obj\engine\uimanager.obj
c:\users\admin\desktop\don't starve_dx11\don-t-starve_dx11\dx_project\obj\engine\titlebar.obj
c:\users\admin\desktop\don't starve_dx11\don-t-starve_dx11\dx_project\obj\engine\tilemaprender.obj
c:\users\admin\desktop\don't starve_dx11\don-t-starve_dx11\dx_project\obj\engine\tilemapcomponent.obj
c:\users\admin\desktop\don't starve_dx11\don-t-starve_dx11\dx_project\obj\engine\tilemapactor.obj
c:\users\admin\desktop\don't starve_dx11\don-t-starve_dx11\dx_project\obj\engine\tile.obj
c:\users\admin\desktop\don't starve_dx11\don-t-starve_dx11\dx_project\obj\engine\textblock.obj
c:\users\admin\desktop\don't starve_dx11\don-t-starve_dx11\dx_project\engine\binary\animation2d.cso
c:\users\admin\desktop\don't starve_dx11\don-t-starve_dx11\dx_project\engine\binary\collider.cso
c:\users\admin\desktop\don't starve_dx11\don-t-starve_dx11\dx_project\engine\binary\color2d.cso
c:\users\admin\desktop\don't starve_dx11\don-t-starve_dx11\dx_project\engine\binary\globalui.cso
c:\users\admin\desktop\don't starve_dx11\don-t-starve_dx11\dx_project\engine\binary\material.cso
c:\users\admin\desktop\don't starve_dx11\don-t-starve_dx11\dx_project\engine\binary\tilemap.cso
c:\users\admin\desktop\don't starve_dx11\don-t-starve_dx11\dx_project\engine\binary\gameengine.lib
c:\users\admin\desktop\don't starve_dx11\don-t-starve_dx11\dx_project\obj\engine\gameengine.tlog\cl.command.1.tlog
c:\users\admin\desktop\don't starve_dx11\don-t-starve_dx11\dx_project\obj\engine\gameengine.tlog\cl.items.tlog
c:\users\admin\desktop\don't starve_dx11\don-t-starve_dx11\dx_project\obj\engine\gameengine.tlog\cl.read.1.tlog
c:\users\admin\desktop\don't starve_dx11\don-t-starve_dx11\dx_project\obj\engine\gameengine.tlog\cl.write.1.tlog
c:\users\admin\desktop\don't starve_dx11\don-t-starve_dx11\dx_project\obj\engine\gameengine.tlog\fxc.command.1.tlog
c:\users\admin\desktop\don't starve_dx11\don-t-starve_dx11\dx_project\obj\engine\gameengine.tlog\fxc.read.1.tlog
c:\users\admin\desktop\don't starve_dx11\don-t-starve_dx11\dx_project\obj\engine\gameengine.tlog\fxc.write.1.tlog
c:\users\admin\desktop\don't starve_dx11\don-t-starve_dx11\dx_project\obj\engine\gameengine.tlog\lib-link.write.1.tlog
c:\users\admin\desktop\don't starve_dx11\don-t-starve_dx11\dx_project\obj\engine\gameengine.tlog\lib.command.1.tlog
c:\users\admin\desktop\don't starve_dx11\don-t-starve_dx11\dx_project\obj\engine\gameengine.tlog\lib.read.1.tlog
